// Jest Snapshot v1, https://goo.gl/fbAQLP

exports[`should render ExpenseListItem correctly 1`] = `
<Link
  className="list-item"
  replace={false}
  to="/edit/1"
>
  <div>
    <h3>
      Gum
    </h3>
    <span>
      January 1st, 1970
    </span>
  </div>
  <h3>
    â‚¹
    1.95
  </h3>
</Link>
`;
